2026-05-16 17:58:06,967 INFO Connecting to 127.0.0.1:4001 with clientId 7...
2026-05-16 17:58:06,968 INFO Connected
2026-05-16 17:58:06,970 INFO Logged on to server version 176
2026-05-16 17:58:07,013 INFO Warning 2104, reqId -1: Market data farm connection is OK:usfarm
2026-05-16 17:58:07,013 INFO Warning 2106, reqId -1: HMDS data farm connection is OK:ushmds
2026-05-16 17:58:07,013 INFO Warning 2158, reqId -1: Sec-def data farm connection is OK:secdefnj
2026-05-16 17:58:07,013 INFO API connection ready
2026-05-16 17:58:07,188 INFO position: Position(account='U2683242', contract=Option(conId=835954433, symbol='OKLO', lastTradeDateOrContractMonth='20260515', strike=60.0, right='P', multiplier='100', currency='USD', localSymbol='OKLO  260515P00060000', tradingClass='OKLO'), position=0.0, avgCost=0.0)
2026-05-16 17:58:07,188 INFO position: Position(account='U2683242', contract=Option(conId=865395905, symbol='MSFU', lastTradeDateOrContractMonth='20260515', strike=26.0, right='P', multiplier='100', currency='USD', localSymbol='MSFU  260515P00026000', tradingClass='MSFU'), position=0.0, avgCost=0.0)
2026-05-16 17:58:07,188 INFO position: Position(account='U2683242', contract=Option(conId=877097244, symbol='NAIL', lastTradeDateOrContractMonth='20260605', strike=35.0, right='P', multiplier='100', currency='USD', localSymbol='NAIL  260605P00035000', tradingClass='NAIL'), position=-1.0, avgCost=287.35)
2026-05-16 17:58:07,188 INFO position: Position(account='U2683242', contract=Option(conId=867121261, symbol='TECL', lastTradeDateOrContractMonth='20260515', strike=130.0, right='P', multiplier='100', currency='USD', localSymbol='TECL  260515P00130000', tradingClass='TECL'), position=0.0, avgCost=0.0)
2026-05-16 17:58:07,188 INFO position: Position(account='U2683242', contract=Option(conId=839936341, symbol='OPEN', lastTradeDateOrContractMonth='20260821', strike=4.0, right='P', multiplier='100', currency='USD', localSymbol='OPEN  260821P00004000', tradingClass='OPEN'), position=-50.0, avgCost=40.295416)
2026-05-16 17:58:07,188 INFO position: Position(account='U2683242', contract=Option(conId=879666585, symbol='CEG', lastTradeDateOrContractMonth='20260522', strike=272.5, right='P', multiplier='100', currency='USD', localSymbol='CEG   260522P00272500', tradingClass='CEG'), position=-5.0, avgCost=974.87)
2026-05-16 17:58:07,188 INFO position: Position(account='U2683242', contract=Option(conId=783934415, symbol='HOOD', lastTradeDateOrContractMonth='20260618', strike=75.0, right='P', multiplier='100', currency='USD', localSymbol='HOOD  260618P00075000', tradingClass='HOOD'), position=-1.0, avgCost=797.35)
2026-05-16 17:58:07,188 INFO position: Position(account='U9521534', contract=Stock(conId=6478305, symbol='ESLT', exchange='NASDAQ', currency='USD', localSymbol='ESLT', tradingClass='NMS'), position=5.0, avgCost=775.15)
2026-05-16 17:58:07,188 INFO position: Position(account='U2683242', contract=Option(conId=875044055, symbol='TECL', lastTradeDateOrContractMonth='20260515', strike=145.0, right='P', multiplier='100', currency='USD', localSymbol='TECL  260515P00145000', tradingClass='TECL'), position=0.0, avgCost=0.0)
2026-05-16 17:58:07,188 INFO position: Position(account='U2683242', contract=Option(conId=865395971, symbol='MSFU', lastTradeDateOrContractMonth='20260515', strike=27.0, right='P', multiplier='100', currency='USD', localSymbol='MSFU  260515P00027000', tradingClass='MSFU'), position=0.0, avgCost=0.0)
2026-05-16 17:58:07,189 INFO position: Position(account='U2683242', contract=Option(conId=875302840, symbol='CEG', lastTradeDateOrContractMonth='20260515', strike=277.5, right='P', multiplier='100', currency='USD', localSymbol='CEG   260515P00277500', tradingClass='CEG'), position=0.0, avgCost=0.0)
2026-05-16 17:58:07,189 INFO position: Position(account='U2683242', contract=Option(conId=865395850, symbol='MSFU', lastTradeDateOrContractMonth='20260515', strike=25.0, right='P', multiplier='100', currency='USD', localSymbol='MSFU  260515P00025000', tradingClass='MSFU'), position=0.0, avgCost=0.0)
2026-05-16 17:58:07,189 INFO position: Position(account='U2683242', contract=Option(conId=867058480, symbol='DPST', lastTradeDateOrContractMonth='20260515', strike=105.0, right='P', multiplier='100', currency='USD', localSymbol='DPST  260515P00105000', tradingClass='DPST'), position=0.0, avgCost=0.0)
2026-05-16 17:58:07,189 INFO position: Position(account='U2683242', contract=Option(conId=867121326, symbol='TECL', lastTradeDateOrContractMonth='20260515', strike=135.0, right='P', multiplier='100', currency='USD', localSymbol='TECL  260515P00135000', tradingClass='TECL'), position=0.0, avgCost=0.0)
2026-05-16 17:58:07,189 INFO position: Position(account='U9521534', contract=Stock(conId=500073396, symbol='OKLO', exchange='NYSE', currency='USD', localSymbol='OKLO', tradingClass='OKLO'), position=20.0, avgCost=70.314)
2026-05-16 17:58:07,189 INFO position: Position(account='U2683242', contract=Option(conId=880331261, symbol='PLTR', lastTradeDateOrContractMonth='20260515', strike=129.0, right='P', multiplier='100', currency='USD', localSymbol='PLTR  260515P00129000', tradingClass='PLTR'), position=0.0, avgCost=0.0)
2026-05-16 17:58:07,189 INFO position: Position(account='U2683242', contract=Option(conId=870622048, symbol='DPST', lastTradeDateOrContractMonth='20260522', strike=103.0, right='P', multiplier='100', currency='USD', localSymbol='DPST  260522P00103000', tradingClass='DPST'), position=-3.0, avgCost=455.28906665)
2026-05-16 17:58:07,189 INFO position: Position(account='U2683242', contract=Option(conId=879951609, symbol='MSFT', lastTradeDateOrContractMonth='20260518', strike=397.5, right='P', multiplier='100', currency='USD', localSymbol='MSFT  260518P00397500', tradingClass='MSFT'), position=-1.0, avgCost=224.2938)
2026-05-16 17:58:07,189 INFO position: Position(account='U2683242', contract=Stock(conId=631334034, symbol='DPST', exchange='ARCA', currency='USD', localSymbol='DPST', tradingClass='DPST'), position=10.0, avgCost=110.29)
2026-05-16 17:58:07,189 INFO position: Position(account='U2683242', contract=Option(conId=883319952, symbol='NAIL', lastTradeDateOrContractMonth='20260612', strike=32.5, right='P', multiplier='100', currency='USD', localSymbol='NAIL  260612P00032500', tradingClass='NAIL'), position=-8.0, avgCost=346.16875)
2026-05-16 17:58:07,189 INFO position: Position(account='U2683242', contract=Option(conId=866204056, symbol='NAIL', lastTradeDateOrContractMonth='20260515', strike=35.0, right='P', multiplier='100', currency='USD', localSymbol='NAIL  260515P00035000', tradingClass='NAIL'), position=0.0, avgCost=0.0)
2026-05-16 17:58:07,189 INFO position: Position(account='U2683242', contract=Option(conId=879747917, symbol='TNA', lastTradeDateOrContractMonth='20260522', strike=55.5, right='P', multiplier='100', currency='USD', localSymbol='TNA   260522P00055500', tradingClass='TNA'), position=-2.0, avgCost=52.29485)
2026-05-16 17:58:07,190 INFO position: Position(account='U2683242', contract=Option(conId=866208516, symbol='NAIL', lastTradeDateOrContractMonth='20260918', strike=37.0, right='P', multiplier='100', currency='USD', localSymbol='NAIL  260918P00037000', tradingClass='NAIL'), position=-1.0, avgCost=691.2817)
2026-05-16 17:58:07,449 INFO execDetails Execution(execId='0001c734.6a06b42f.01.01', time=datetime.datetime(2026, 5, 16, 6, 9, 4, tzinfo=datetime.timezone.utc), acctNumber='U2683242', exchange='SMART', side='BOT', shares=10.0, price=0.0, permId=270437647, clientId=0, orderId=0, liquidation=0, cumQty=10.0, avgPrice=0.0, orderRef='', evRule='', evMultiplier=0.0, modelCode='', lastLiquidity=2147483647)
2026-05-16 17:58:07,483 INFO execDetails Execution(execId='0001c734.6a06b430.01.01', time=datetime.datetime(2026, 5, 16, 6, 9, 4, tzinfo=datetime.timezone.utc), acctNumber='U2683242', exchange='SMART', side='BOT', shares=2.0, price=0.0, permId=270437648, clientId=0, orderId=0, liquidation=0, cumQty=2.0, avgPrice=0.0, orderRef='', evRule='', evMultiplier=0.0, modelCode='', lastLiquidity=2147483647)
2026-05-16 17:58:07,483 INFO execDetails Execution(execId='0001c734.6a06b431.01.01', time=datetime.datetime(2026, 5, 16, 6, 9, 4, tzinfo=datetime.timezone.utc), acctNumber='U2683242', exchange='SMART', side='BOT', shares=10.0, price=0.0, permId=270437649, clientId=0, orderId=0, liquidation=0, cumQty=10.0, avgPrice=0.0, orderRef='', evRule='', evMultiplier=0.0, modelCode='', lastLiquidity=2147483647)
2026-05-16 17:58:07,483 INFO execDetails Execution(execId='0001c734.6a06b432.01.01', time=datetime.datetime(2026, 5, 16, 6, 9, 4, tzinfo=datetime.timezone.utc), acctNumber='U2683242', exchange='SMART', side='BOT', shares=11.0, price=0.0, permId=270437650, clientId=0, orderId=0, liquidation=0, cumQty=11.0, avgPrice=0.0, orderRef='', evRule='', evMultiplier=0.0, modelCode='', lastLiquidity=2147483647)
2026-05-16 17:58:07,483 INFO execDetails Execution(execId='0001c734.6a06b433.01.01', time=datetime.datetime(2026, 5, 16, 6, 9, 4, tzinfo=datetime.timezone.utc), acctNumber='U2683242', exchange='SMART', side='BOT', shares=4.0, price=0.0, permId=270437651, clientId=0, orderId=0, liquidation=0, cumQty=4.0, avgPrice=0.0, orderRef='', evRule='', evMultiplier=0.0, modelCode='', lastLiquidity=2147483647)
2026-05-16 17:58:07,483 INFO execDetails Execution(execId='0001c734.6a06b434.01.01', time=datetime.datetime(2026, 5, 16, 6, 9, 4, tzinfo=datetime.timezone.utc), acctNumber='U2683242', exchange='SMART', side='BOT', shares=10.0, price=0.0, permId=270437652, clientId=0, orderId=0, liquidation=0, cumQty=10.0, avgPrice=0.0, orderRef='', evRule='', evMultiplier=0.0, modelCode='', lastLiquidity=2147483647)
2026-05-16 17:58:07,484 INFO execDetails Execution(execId='0001c734.6a06b435.01.01', time=datetime.datetime(2026, 5, 16, 6, 9, 4, tzinfo=datetime.timezone.utc), acctNumber='U2683242', exchange='SMART', side='BOT', shares=1.0, price=0.0, permId=270437653, clientId=0, orderId=0, liquidation=0, cumQty=1.0, avgPrice=0.0, orderRef='', evRule='', evMultiplier=0.0, modelCode='', lastLiquidity=2147483647)
2026-05-16 17:58:07,484 INFO execDetails Execution(execId='0001c734.6a06b436.01.01', time=datetime.datetime(2026, 5, 16, 6, 9, 4, tzinfo=datetime.timezone.utc), acctNumber='U2683242', exchange='SMART', side='BOT', shares=1.0, price=0.0, permId=270437654, clientId=0, orderId=0, liquidation=0, cumQty=1.0, avgPrice=0.0, orderRef='', evRule='', evMultiplier=0.0, modelCode='', lastLiquidity=2147483647)
2026-05-16 17:58:07,484 INFO Synchronization complete
2026-05-16 17:58:07,985 ERROR Error 327, reqId -1: Only API connections with clientId set to 0 can set the auto bind orders property.
2026-05-16 18:05:58,891 INFO Connecting to 127.0.0.1:4001 with clientId 7...
2026-05-16 18:05:58,892 INFO Connected
2026-05-16 18:05:58,898 INFO Logged on to server version 176
2026-05-16 18:05:58,939 INFO Warning 2104, reqId -1: Market data farm connection is OK:usfarm
2026-05-16 18:05:58,939 INFO Warning 2106, reqId -1: HMDS data farm connection is OK:ushmds
2026-05-16 18:05:58,939 INFO Warning 2158, reqId -1: Sec-def data farm connection is OK:secdefnj
2026-05-16 18:05:58,939 INFO API connection ready
2026-05-16 18:05:59,062 INFO position: Position(account='U2683242', contract=Option(conId=835954433, symbol='OKLO', lastTradeDateOrContractMonth='20260515', strike=60.0, right='P', multiplier='100', currency='USD', localSymbol='OKLO  260515P00060000', tradingClass='OKLO'), position=0.0, avgCost=0.0)
2026-05-16 18:05:59,062 INFO position: Position(account='U2683242', contract=Option(conId=865395905, symbol='MSFU', lastTradeDateOrContractMonth='20260515', strike=26.0, right='P', multiplier='100', currency='USD', localSymbol='MSFU  260515P00026000', tradingClass='MSFU'), position=0.0, avgCost=0.0)
2026-05-16 18:05:59,062 INFO position: Position(account='U2683242', contract=Option(conId=877097244, symbol='NAIL', lastTradeDateOrContractMonth='20260605', strike=35.0, right='P', multiplier='100', currency='USD', localSymbol='NAIL  260605P00035000', tradingClass='NAIL'), position=-1.0, avgCost=287.35)
2026-05-16 18:05:59,062 INFO position: Position(account='U2683242', contract=Option(conId=867121261, symbol='TECL', lastTradeDateOrContractMonth='20260515', strike=130.0, right='P', multiplier='100', currency='USD', localSymbol='TECL  260515P00130000', tradingClass='TECL'), position=0.0, avgCost=0.0)
2026-05-16 18:05:59,063 INFO position: Position(account='U2683242', contract=Option(conId=839936341, symbol='OPEN', lastTradeDateOrContractMonth='20260821', strike=4.0, right='P', multiplier='100', currency='USD', localSymbol='OPEN  260821P00004000', tradingClass='OPEN'), position=-50.0, avgCost=40.295416)
2026-05-16 18:05:59,063 INFO position: Position(account='U2683242', contract=Option(conId=879666585, symbol='CEG', lastTradeDateOrContractMonth='20260522', strike=272.5, right='P', multiplier='100', currency='USD', localSymbol='CEG   260522P00272500', tradingClass='CEG'), position=-5.0, avgCost=974.87)
2026-05-16 18:05:59,063 INFO position: Position(account='U2683242', contract=Option(conId=783934415, symbol='HOOD', lastTradeDateOrContractMonth='20260618', strike=75.0, right='P', multiplier='100', currency='USD', localSymbol='HOOD  260618P00075000', tradingClass='HOOD'), position=-1.0, avgCost=797.35)
2026-05-16 18:05:59,063 INFO position: Position(account='U9521534', contract=Stock(conId=6478305, symbol='ESLT', exchange='NASDAQ', currency='USD', localSymbol='ESLT', tradingClass='NMS'), position=5.0, avgCost=775.15)
2026-05-16 18:05:59,063 INFO position: Position(account='U2683242', contract=Option(conId=875044055, symbol='TECL', lastTradeDateOrContractMonth='20260515', strike=145.0, right='P', multiplier='100', currency='USD', localSymbol='TECL  260515P00145000', tradingClass='TECL'), position=0.0, avgCost=0.0)
2026-05-16 18:05:59,063 INFO position: Position(account='U2683242', contract=Option(conId=865395971, symbol='MSFU', lastTradeDateOrContractMonth='20260515', strike=27.0, right='P', multiplier='100', currency='USD', localSymbol='MSFU  260515P00027000', tradingClass='MSFU'), position=0.0, avgCost=0.0)
2026-05-16 18:05:59,063 INFO position: Position(account='U2683242', contract=Option(conId=875302840, symbol='CEG', lastTradeDateOrContractMonth='20260515', strike=277.5, right='P', multiplier='100', currency='USD', localSymbol='CEG   260515P00277500', tradingClass='CEG'), position=0.0, avgCost=0.0)
2026-05-16 18:05:59,063 INFO position: Position(account='U2683242', contract=Option(conId=865395850, symbol='MSFU', lastTradeDateOrContractMonth='20260515', strike=25.0, right='P', multiplier='100', currency='USD', localSymbol='MSFU  260515P00025000', tradingClass='MSFU'), position=0.0, avgCost=0.0)
2026-05-16 18:05:59,063 INFO position: Position(account='U2683242', contract=Option(conId=867058480, symbol='DPST', lastTradeDateOrContractMonth='20260515', strike=105.0, right='P', multiplier='100', currency='USD', localSymbol='DPST  260515P00105000', tradingClass='DPST'), position=0.0, avgCost=0.0)
2026-05-16 18:05:59,063 INFO position: Position(account='U2683242', contract=Option(conId=867121326, symbol='TECL', lastTradeDateOrContractMonth='20260515', strike=135.0, right='P', multiplier='100', currency='USD', localSymbol='TECL  260515P00135000', tradingClass='TECL'), position=0.0, avgCost=0.0)
2026-05-16 18:05:59,063 INFO position: Position(account='U9521534', contract=Stock(conId=500073396, symbol='OKLO', exchange='NYSE', currency='USD', localSymbol='OKLO', tradingClass='OKLO'), position=20.0, avgCost=70.314)
2026-05-16 18:05:59,063 INFO position: Position(account='U2683242', contract=Option(conId=880331261, symbol='PLTR', lastTradeDateOrContractMonth='20260515', strike=129.0, right='P', multiplier='100', currency='USD', localSymbol='PLTR  260515P00129000', tradingClass='PLTR'), position=0.0, avgCost=0.0)
2026-05-16 18:05:59,064 INFO position: Position(account='U2683242', contract=Option(conId=870622048, symbol='DPST', lastTradeDateOrContractMonth='20260522', strike=103.0, right='P', multiplier='100', currency='USD', localSymbol='DPST  260522P00103000', tradingClass='DPST'), position=-3.0, avgCost=455.28906665)
2026-05-16 18:05:59,064 INFO position: Position(account='U2683242', contract=Option(conId=879951609, symbol='MSFT', lastTradeDateOrContractMonth='20260518', strike=397.5, right='P', multiplier='100', currency='USD', localSymbol='MSFT  260518P00397500', tradingClass='MSFT'), position=-1.0, avgCost=224.2938)
2026-05-16 18:05:59,064 INFO position: Position(account='U2683242', contract=Stock(conId=631334034, symbol='DPST', exchange='ARCA', currency='USD', localSymbol='DPST', tradingClass='DPST'), position=10.0, avgCost=110.29)
2026-05-16 18:05:59,064 INFO position: Position(account='U2683242', contract=Option(conId=883319952, symbol='NAIL', lastTradeDateOrContractMonth='20260612', strike=32.5, right='P', multiplier='100', currency='USD', localSymbol='NAIL  260612P00032500', tradingClass='NAIL'), position=-8.0, avgCost=346.16875)
2026-05-16 18:05:59,064 INFO position: Position(account='U2683242', contract=Option(conId=866204056, symbol='NAIL', lastTradeDateOrContractMonth='20260515', strike=35.0, right='P', multiplier='100', currency='USD', localSymbol='NAIL  260515P00035000', tradingClass='NAIL'), position=0.0, avgCost=0.0)
2026-05-16 18:05:59,064 INFO position: Position(account='U2683242', contract=Option(conId=879747917, symbol='TNA', lastTradeDateOrContractMonth='20260522', strike=55.5, right='P', multiplier='100', currency='USD', localSymbol='TNA   260522P00055500', tradingClass='TNA'), position=-2.0, avgCost=52.29485)
2026-05-16 18:05:59,064 INFO position: Position(account='U2683242', contract=Option(conId=866208516, symbol='NAIL', lastTradeDateOrContractMonth='20260918', strike=37.0, right='P', multiplier='100', currency='USD', localSymbol='NAIL  260918P00037000', tradingClass='NAIL'), position=-1.0, avgCost=691.2817)
2026-05-16 18:05:59,171 INFO execDetails Execution(execId='0001c734.6a06b42f.01.01', time=datetime.datetime(2026, 5, 16, 6, 9, 4, tzinfo=datetime.timezone.utc), acctNumber='U2683242', exchange='SMART', side='BOT', shares=10.0, price=0.0, permId=270437647, clientId=0, orderId=0, liquidation=0, cumQty=10.0, avgPrice=0.0, orderRef='', evRule='', evMultiplier=0.0, modelCode='', lastLiquidity=2147483647)
2026-05-16 18:05:59,206 INFO execDetails Execution(execId='0001c734.6a06b430.01.01', time=datetime.datetime(2026, 5, 16, 6, 9, 4, tzinfo=datetime.timezone.utc), acctNumber='U2683242', exchange='SMART', side='BOT', shares=2.0, price=0.0, permId=270437648, clientId=0, orderId=0, liquidation=0, cumQty=2.0, avgPrice=0.0, orderRef='', evRule='', evMultiplier=0.0, modelCode='', lastLiquidity=2147483647)
2026-05-16 18:05:59,206 INFO execDetails Execution(execId='0001c734.6a06b431.01.01', time=datetime.datetime(2026, 5, 16, 6, 9, 4, tzinfo=datetime.timezone.utc), acctNumber='U2683242', exchange='SMART', side='BOT', shares=10.0, price=0.0, permId=270437649, clientId=0, orderId=0, liquidation=0, cumQty=10.0, avgPrice=0.0, orderRef='', evRule='', evMultiplier=0.0, modelCode='', lastLiquidity=2147483647)
2026-05-16 18:05:59,206 INFO execDetails Execution(execId='0001c734.6a06b432.01.01', time=datetime.datetime(2026, 5, 16, 6, 9, 4, tzinfo=datetime.timezone.utc), acctNumber='U2683242', exchange='SMART', side='BOT', shares=11.0, price=0.0, permId=270437650, clientId=0, orderId=0, liquidation=0, cumQty=11.0, avgPrice=0.0, orderRef='', evRule='', evMultiplier=0.0, modelCode='', lastLiquidity=2147483647)
2026-05-16 18:05:59,206 INFO execDetails Execution(execId='0001c734.6a06b433.01.01', time=datetime.datetime(2026, 5, 16, 6, 9, 4, tzinfo=datetime.timezone.utc), acctNumber='U2683242', exchange='SMART', side='BOT', shares=4.0, price=0.0, permId=270437651, clientId=0, orderId=0, liquidation=0, cumQty=4.0, avgPrice=0.0, orderRef='', evRule='', evMultiplier=0.0, modelCode='', lastLiquidity=2147483647)
2026-05-16 18:05:59,206 INFO execDetails Execution(execId='0001c734.6a06b434.01.01', time=datetime.datetime(2026, 5, 16, 6, 9, 4, tzinfo=datetime.timezone.utc), acctNumber='U2683242', exchange='SMART', side='BOT', shares=10.0, price=0.0, permId=270437652, clientId=0, orderId=0, liquidation=0, cumQty=10.0, avgPrice=0.0, orderRef='', evRule='', evMultiplier=0.0, modelCode='', lastLiquidity=2147483647)
2026-05-16 18:05:59,207 INFO execDetails Execution(execId='0001c734.6a06b435.01.01', time=datetime.datetime(2026, 5, 16, 6, 9, 4, tzinfo=datetime.timezone.utc), acctNumber='U2683242', exchange='SMART', side='BOT', shares=1.0, price=0.0, permId=270437653, clientId=0, orderId=0, liquidation=0, cumQty=1.0, avgPrice=0.0, orderRef='', evRule='', evMultiplier=0.0, modelCode='', lastLiquidity=2147483647)
2026-05-16 18:05:59,207 INFO execDetails Execution(execId='0001c734.6a06b436.01.01', time=datetime.datetime(2026, 5, 16, 6, 9, 4, tzinfo=datetime.timezone.utc), acctNumber='U2683242', exchange='SMART', side='BOT', shares=1.0, price=0.0, permId=270437654, clientId=0, orderId=0, liquidation=0, cumQty=1.0, avgPrice=0.0, orderRef='', evRule='', evMultiplier=0.0, modelCode='', lastLiquidity=2147483647)
2026-05-16 18:05:59,207 INFO Synchronization complete
2026-05-16 18:06:00,408 ERROR Error 327, reqId -1: Only API connections with clientId set to 0 can set the auto bind orders property.
